
> web@2.0.1 build /home/rafael/Documents/raferdev/rafer.dev/apps/web
> next build

- info Loaded env from /home/rafael/Documents/raferdev/rafer.dev/apps/web/.env.local
- info Creating an optimized production build...
- info Compiled successfully
- info Linting and checking validity of types...
- info Collecting page data...
- info Generating static pages (0/6)
- info Generating static pages (1/6)
- info Generating static pages (2/6)
- info Generating static pages (4/6)
- warn 
metadata.metadataBase is not set for resolving social open graph or twitter images, using "http://localhost:3000". See https://nextjs.org/docs/app/api-reference/functions/generate-metadata#metadatabase
- warn 
metadata.metadataBase is not set for resolving social open graph or twitter images, using "http://localhost:3000". See https://nextjs.org/docs/app/api-reference/functions/generate-metadata#metadatabase
- info Generating static pages (6/6)
- info Finalizing page optimization...

Route (app)                                Size     First Load JS
┌ ○ /                                      2.57 kB        88.6 kB
├ ○ /_not-found                            0 B                0 B
├ ○ /robots.txt                            0 B                0 B
└ ○ /sitemap.xml                           0 B                0 B
+ First Load JS shared by all              78.6 kB
  ├ chunks/625-774d471c936c2148.js         26.1 kB
  ├ chunks/e49e41df-1fcd6a5523bf37c2.js    50.6 kB
  ├ chunks/main-app-fc532eb3bbf2aa17.js    215 B
  └ chunks/webpack-b91de8f93a07efc6.js     1.7 kB

Route (pages)                              Size     First Load JS
+ First Load JS shared by all              76.1 kB
  ├ chunks/framework-eb124dc7acb3bb04.js   45.1 kB
  ├ chunks/main-5844cae6a2ef0eb2.js        29.2 kB
  ├ chunks/pages/_app-7ffe03a69e624e08.js  194 B
  └ chunks/webpack-b91de8f93a07efc6.js     1.7 kB

○  (Static)  automatically rendered as static HTML (uses no initial props)

